 55.76	4383	4383	U	0	unclassified
 44.24	3478	0	R	1	root
 44.24	3478	3468	K	2	  covid
  0.08	6	0	P	7	    Eta
  0.08	6	6	C	104	      B.1.525
  0.05	4	0	P	4	    Alpha
  0.05	4	0	C	100	      B.1.1.7
  0.05	4	4	S	1001	        EPI_ISL_1052966
