wt	79.6
Alpha	0.3
Beta	6.0
Gamma	0.0
Eta	0.1
Epsilon	0.1
Delta	2.4
Iota	11.4
Kappa	0.0
BA.1	0.0
BA.2	0.0
BA.3	0.0
