100.00	10	0	R	1	root
100.00	10	0	K	2	  covid
60.00	6	0	P	7	    Eta
40.00	4	0	P	4	    Alpha
