 57.98	4558	4558	U	0	unclassified
 42.02	3303	0	R	1	root
 42.02	3303	3293	K	2	  covid
  0.08	6	0	P	7	    Eta
  0.08	6	6	C	104	      B.1.525
  0.05	4	0	P	4	    Alpha
  0.05	4	0	C	100	      B.1.1.7
  0.05	4	4	S	1001	        EPI_ISL_1052966
