100.00	18	0	R	1	root
100.00	18	0	K	2	  covid
38.89	7	0	P	6	    Gamma
27.78	5	0	P	7	    Eta
22.22	4	0	P	8	    Epsilon
5.56	1	0	P	13	    Omicron
5.56	1	0	P	10	    Iota
