wt	72.0
Alpha	0.1
Beta	3.7
Gamma	0.0
Eta	0.4
Epsilon	0.3
Delta	0.3
Iota	22.3
Kappa	0.1
Omicron	0.7
