 55.53	30088	30088	U	0	unclassified
 44.47	24096	0	R	1	root
 44.47	24096	24076	K	2	  covid
  0.01	8	0	P	6	    Gamma
  0.01	8	0	C	103	      P.1
  0.01	8	8	S	1003	        EPI_ISL_1365182
  0.01	5	0	P	7	    Eta
  0.01	5	5	C	104	      B.1.525
  0.01	4	1	P	8	    Epsilon
  0.00	2	0	C	105	      B.1.427
  0.00	2	2	S	1006	        EPI_ISL_802998
  0.00	1	0	C	106	      B.1.429
  0.00	1	1	S	1008	        EPI_ISL_803016
  0.00	2	0	P	13	    Omicron
  0.00	2	2	C	113	      B.1.529
  0.00	1	0	P	10	    Iota
  0.00	1	1	C	109	      B.1.526
