 49.35	76	76	U	0	unclassified
 50.65	78	0	R	1	root
 50.65	78	78	K	2	  covid
