wt	8.4
Alpha	0.0
Beta	56.3
Gamma	0.0
Eta	0.0
Epsilon	8.0
Delta	20.4
Iota	0.0
Kappa	6.9
BA.1	0.0
BA.2	0.0
BA.3	0.0
