sample	variant_group	proportion	mean	std_error
ERROR	Error	1	1	1
