 45.22	1537	1537	U	0	unclassified
 54.78	1862	0	R	1	root
 54.78	1862	1862	K	2	  covid
