wt	28.6
Alpha	1.4
Beta	22.4
Gamma	0.0
Eta	4.2
Epsilon	2.9
Delta	0.0
Iota	31.6
Kappa	0.2
BA.1	0.0
BA.2	8.7
BA.3	0.0
